PASS — Starting commit context recorded (f5a8b065... baseline accepted)
PASS — Legacy /health remains active (harmless, no identity/data)
PASS — Legacy write endpoint disabled: POST /guest/resolve
PASS — Legacy write endpoint disabled: POST /session/complete
PASS — Legacy write endpoint disabled: POST /stamp/award
PASS — Legacy write endpoint disabled: POST /xp/award
PASS — Legacy write endpoint disabled: POST /flavor-memory/save
PASS — Legacy write endpoint disabled: POST /audit/event
PASS — Legacy read endpoint disabled: GET /guest/forged-id/progress
PASS — Legacy read endpoint disabled: GET /guest/forged-id/stamps
PASS — Legacy read endpoint disabled: GET /guest/forged-id/badges
PASS — Legacy read endpoint disabled: GET /guest/forged-id/return-visits
PASS — Legacy read endpoint disabled: GET /guest/forged-id/audit-log
PASS — SmokeCraft Passport Stamp route now requires identity: POST /api/smokecraft/passport-stamp/claim
PASS — SmokeCraft Passport Stamp route now requires identity: GET /api/smokecraft/passport-stamp/eligibility
PASS — Every active Passport API requires valid identity (profile)
PASS — flavor-memory requires valid identity
PASS — link-guest requires valid identity
PASS — Arbitrary Passport ID in query string is rejected (server resolves its own)
PASS — Arbitrary guest reference is rejected
PASS — Arbitrary learner ID is rejected
PASS — Arbitrary user ID is rejected
PASS — Arbitrary XP award is rejected
PASS — Arbitrary stamp award is rejected
PASS — Arbitrary badge award is rejected (no badge-award path accepts client input)
PASS — Arbitrary completion claim is rejected
PASS — Arbitrary connection creation is rejected
PASS — Forged guestId in flavor-memory body is ignored (real identity used instead)
FAIL — Learner A claims journey stamp
PASS — Cross-learner Profile read rejected (learner B does not see learner A's stamp)
PASS — Cross-learner Stamps read rejected (learner B's stamps list is empty)
PASS — Cross-learner Activity read rejected (learner B's activity is empty)
PASS — Cross-learner Connections read rejected (isolated per learner)
PASS — Cross-learner synchronization rejected (B syncing only ever affects B)
PASS — SmokeCraft resolves to a canonical Passport identity
PASS — General NOVEE OS path (passportService.js's real caller) resolves to the SAME canonical Passport identity
FAIL — Same learner receives the same Passport ID through both systems
Unexpected error: page.goto: net::ERR_CONNECTION_REFUSED at http://localhost:5000/passport/profile
Call log:
[2m  - navigating to "http://localhost:5000/passport/profile", waiting until "domcontentloaded"[22m

    at /home/user/crafthub-360-stitch/verify-passport-security-unified-identity.mjs:128:22 {
  log: [
    '  - navigating to "http://localhost:5000/passport/profile", waiting until "domcontentloaded"'
  ],
  name: 'Error'
}
