
> crafthub-360-production@1.0.0 prebuild
> node scripts/validateSmokecraftAssets.mjs && node scripts/generateBuildManifest.mjs


SmokeCraft asset validation: 82/82 registered assets verified on disk with correct case.
All registered SmokeCraft assets verified. Build may proceed.
build-manifest.json generated — commit bb2e52b, 27/28 critical assets ok.

> crafthub-360-production@1.0.0 build
> vite build

vite v4.5.14 building for production...
transforming...
[plugin:vite:esbuild] Duplicate key "border" in object literal
113|          borderRadius: 9,
114|          background: selected ? `linear-gradient(160deg, ${statusColor}55, ${statusColor}22)` : cardBg,
115|          border: `2px solid ${selected ? GOLD : statusColor}`,
   |          ^
116|          boxShadow: selected
117|            ? `0 0 0 3px rgba(201,149,44,0.35), 0 0 12px ${statusColor}88, 0 2px 8px rgba(0,0,0,0.6)`

✓ 1988 modules transformed.
rendering chunks...
[plugin:vite:reporter] 
(!) /home/user/crafthub-360-stitch/src/api/passportScanApi.js is dynamically imported by /home/user/crafthub-360-stitch/src/pages/passport/PassportHome.jsx but also statically imported by /home/user/crafthub-360-stitch/src/pages/passport/PassportHome.jsx, dynamic import will not move module into another chunk.

computing gzip size...
dist/index.html                                        0.80 kB │ gzip:   0.42 kB
dist/assets/BootConsole-174cbfbc.css                   8.49 kB │ gzip:   2.16 kB
dist/assets/index-55267806.css                       129.33 kB │ gzip:  22.23 kB
dist/assets/testModeConfig-93ff0050.js                 1.22 kB │ gzip:   0.52 kB
dist/assets/MentorGuidancePanel-b5d88401.js            1.32 kB │ gzip:   0.69 kB
dist/assets/packagingStudioApiClient-dafcb5ef.js       1.56 kB │ gzip:   0.73 kB
dist/assets/PinPad-45d0b562.js                         2.44 kB │ gzip:   1.01 kB
dist/assets/PackagingStudioDashboard-4e5c5f6b.js       2.51 kB │ gzip:   1.23 kB
dist/assets/JudgeDashboard-148b41b3.js                 2.68 kB │ gzip:   1.31 kB
dist/assets/PackagingReview-cff16cfd.js                2.70 kB │ gzip:   1.23 kB
dist/assets/PackagingStudioShare-459d06bc.js           2.99 kB │ gzip:   1.30 kB
dist/assets/PrototypeDisclosure-ddae4e81.js            3.57 kB │ gzip:   1.46 kB
dist/assets/PackagingStudioVersions-1bfdf6f9.js        3.63 kB │ gzip:   1.35 kB
dist/assets/AdminLogin-08dcfd8a.js                     4.34 kB │ gzip:   1.75 kB
dist/assets/OfflineMode-39bbc026.js                    4.52 kB │ gzip:   1.73 kB
dist/assets/MentorReview-0300bf8c.js                   4.54 kB │ gzip:   1.98 kB
dist/assets/FounderLogin-6d3b8228.js                   4.72 kB │ gzip:   1.75 kB
dist/assets/StaffLogin-1f32cdb9.js                     4.75 kB │ gzip:   1.87 kB
dist/assets/GoldenBoxHub-ab3df3bc.js                   4.97 kB │ gzip:   1.73 kB
dist/assets/MentorLogin-a71635d5.js                    5.15 kB │ gzip:   1.94 kB
dist/assets/CompetitionDetail-886cbd63.js              5.42 kB │ gzip:   1.91 kB
dist/assets/PilotReadinessDashboard-aba2f1ad.js        5.43 kB │ gzip:   1.82 kB
dist/assets/DevLogin-be232f45.js                       5.66 kB │ gzip:   2.08 kB
dist/assets/ResultsExperience-36a7d77e.js              5.93 kB │ gzip:   2.18 kB
dist/assets/InstallHelp-a67910a7.js                    5.94 kB │ gzip:   2.34 kB
dist/assets/KioskSetup-17e37aed.js                     6.08 kB │ gzip:   2.07 kB
dist/assets/SystemOverview-688362fd.js                 7.77 kB │ gzip:   2.70 kB
dist/assets/DevDiagnostics-9495c7a7.js                 8.81 kB │ gzip:   2.72 kB
dist/assets/InvestorDemo-0743dfad.js                   9.09 kB │ gzip:   3.32 kB
dist/assets/MentorConsole-0c8128b6.js                  9.14 kB │ gzip:   3.01 kB
dist/assets/DeviceStatus-2d30293c.js                   9.88 kB │ gzip:   3.10 kB
dist/assets/VenueOwnerDemo-390f7472.js                10.66 kB │ gzip:   3.93 kB
dist/assets/FounderControl-123df911.js                11.42 kB │ gzip:   3.73 kB
dist/assets/JudgeEntryReview-28e438d4.js              12.50 kB │ gzip:   4.22 kB
dist/assets/PilotOnboarding-3f840740.js               12.85 kB │ gzip:   3.40 kB
dist/assets/PackagingStudioEditor-5acb5248.js         12.97 kB │ gzip:   4.14 kB
dist/assets/VenueManagementCommandHub-675fbbee.js     15.36 kB │ gzip:   4.93 kB
dist/assets/FounderDemo-c7af2731.js                   15.50 kB │ gzip:   5.00 kB
dist/assets/BootConsole-4bf558ae.js                   20.31 kB │ gzip:   6.01 kB
dist/assets/EntryWorkspace-8e8f4e21.js                20.54 kB │ gzip:   5.94 kB
dist/assets/ModuleDeploymentCenter-07327e05.js        28.53 kB │ gzip:   8.17 kB
dist/assets/VenueTestControl-f5440d03.js              32.15 kB │ gzip:   7.80 kB
dist/assets/Admin-a9069261.js                         56.32 kB │ gzip:  13.93 kB
dist/assets/index-faa7df1c.js                      2,971.10 kB │ gzip: 691.01 kB

(!) Some chunks are larger than 500 kBs after minification. Consider:
- Using dynamic import() to code-split the application
- Use build.rollupOptions.output.manualChunks to improve chunking: https://rollupjs.org/configuration-options/#output-manualchunks
- Adjust chunk size limit for this warning via build.chunkSizeWarningLimit.
✓ built in 16.20s
